Agency;Year;Month;YTD
CPD;2003;7;25
CPD;2003;8;50
CPD;2005;4;50
CPD;2013;12;60
CPD;2014;2;60
DOF;2001;10;50
DOF;2007;7;50
DOF;2011;6;50
Miscellaneous;2017;9;100
Unidentified;1997;6;60
