Infraction;Min;Max;Diff
BUS LANE VIOLATION;50;100;50
